[2026-01-03 07:00:34] Failed login attempt for username: manageer
[2026-01-03 07:00:36] Failed login attempt for username: manageer
